// Jest Snapshot v1, https://goo.gl/fbAQLP

exports[`import check 1`] = `
[
  "table_cn2tw",
  "table_tw2cn",
  "default",
]
`;
