// Jest Snapshot v1, https://goo.gl/fbAQLP

exports[`import check 1`] = `
Array [
  "toStrTableArray",
  "toStrTable",
  "jsSplit",
  "utf8Split",
  "default",
]
`;
