// Jest Snapshot v1, https://goo.gl/fbAQLP

exports[`import check 1`] = `
Array [
  "_greedyTableCacheTest",
  "_greedyTableCacheMap",
  "_greedyTableCacheRegexp",
  "_greedyTableBuild",
  "greedyTableTest",
  "greedyTableCharArray",
  "greedyTableReplace",
  "default",
]
`;
