// Jest Snapshot v1, https://goo.gl/fbAQLP

exports[`import check 1`] = `
Array [
  "table_cn2tw",
  "table_tw2cn",
  "tableCn2TwDebug",
  "tableTw2CnDebug",
  "default",
]
`;
