// Jest Snapshot v1, https://goo.gl/fbAQLP

exports[`𠮷 /^[\\u{20bb7}]$/u 1`] = `/\\^\\[\\\\u\\{20bb7\\}\\]\\$/u`;

exports[`𠮷 /^[\\ud842\\udfb7]$/u 1`] = `/\\^\\[\\\\ud842\\\\udfb7\\]\\$/u`;

exports[`𠮷 /^[𠮷]$/u 1`] = `/\\^\\[𠮷\\]\\$/u`;

exports[`𠮷 codePointAt 1`] = `134071`;

exports[`𠮷 surrogatePair 1`] = `
[
  55362,
  57271,
]
`;

exports[`𠮷 toUnicode 1`] = `"\\u{20bb7}"`;
