// Jest Snapshot v1, https://goo.gl/fbAQLP

exports[`import check 1`] = `
[
  "EMOJI_REGEX",
  "defaultRegExpParser",
  "createRegExpParser",
  "parseRegExp",
  "parseFlags",
  "parsePattern",
  "fakePatternToRegExpLiteral",
  "astToString",
  "default",
]
`;
