// Jest Snapshot v1, https://goo.gl/fbAQLP

exports[`createXRegExp 1`] = `/a\\.b/`;
