// Jest Snapshot v1, https://goo.gl/fbAQLP

exports[`issues.spec ㄱㄱㅎ 1`] = `"ggh"`;

exports[`issues.spec ㄱㄱㅎ 2`] = `"g-g-h"`;
