// Jest Snapshot v1, https://goo.gl/fbAQLP

exports[`import check 1`] = `
[
  "matchRange",
  "getOptions",
  "toRegExpString",
  "TABLE_RANGE",
  "fillRange",
  "default",
]
`;
