// Jest Snapshot v1, https://goo.gl/fbAQLP

exports[`describe  1`] = `"魔物解说　ランク等话　蚀蚀蚀王で触王 冒险者ギルド解说 蚀|蚀战|战马|马亚|亞國預中日汉字對照表"`;

exports[`describe  2`] = `"魔物解說　ランク等話　蚀蝕蝕王で觸王 冒險者ギルド解說 蚀|蝕战|戰马|馬亚|亞國預中日漢字對照表"`;

exports[`describe cjk2zhs 1`] = `"魔物解说　ランク等话　蚀蚀蚀王で触王 冒险者ギルド解说 蚀|蚀战|战马|马亚|亚国預中日汉字对照表"`;

exports[`describe cjk2zht 1`] = `"魔物解說　ランク等話　蝕蝕蝕王で觸王 冒險者ギルド解說 蝕|蝕戰|戰馬|馬亞|亞國預中日漢字對照表"`;

exports[`describe zh2jp 1`] = `"魔物解説　ランク等話　蝕蝕蝕王で触王 冒険者ギルド解説 蝕|蝕戦|戦馬|馬亜|亜国預中日漢字対照表"`;

exports[`describe zh2jp 2`] = `"魔物解説　ランク等話　蝕蝕蝕王で触王 冒険者ギルド解説 蝕|蝕戦|戦馬|馬亜|亜国預中日漢字対照表"`;
