// Jest Snapshot v1, https://goo.gl/fbAQLP

exports[`import check 1`] = `
Array [
  "jp",
  "tw",
  "cn",
  "default",
]
`;
