// Jest Snapshot v1, https://goo.gl/fbAQLP

exports[`regexpClassToObject 1`] = `
regenerate {
  "data": Array [
    8203,
    8205,
    8206,
    8208,
    8288,
    8289,
    65279,
    65280,
  ],
}
`;

exports[`regexpClassToObject 2`] = `/\\[\\\\u200B\\\\u200C\\\\u200E\\\\u200F\\\\u2060\\\\uFEFF\\]/gu`;
